// Jest Snapshot v1, https://goo.gl/fbAQLP

exports[`CampersTable component Component snapshot 1`] = `
<div>
  <div
    class="table-responsive"
  >
    <table
      class="table table-sm table-striped table-bordered table-hover"
    >
      <thead>
        <tr>
          <th>
            Ranking
          </th>
          <th>
            Avatar
          </th>
          <th>
            Username
          </th>
          <th>
            Monthly Total
          </th>
          <th>
            All Time Total
          </th>
        </tr>
      </thead>
      <tbody />
    </table>
  </div>
</div>
`;
